2026-03-19 10:12:24,398-Программа ишке кирди.
2026-03-19 10:12:24,401-Жаш суроо функциясы башталды.
2026-03-19 10:12:41,178-Ката! Колдонуучу сан эмес маалымат киргизди.
2026-03-19 10:12:41,180-Программа ийгиликтуу аяктады.
2026-03-19 10:26:09,829-Программа ишке кирди.
2026-03-19 10:26:09,830-Жаш суроо функциясы башталды.
2026-03-19 10:26:16,400-Колдонуучу киргизген жаш : 12
2026-03-19 10:26:16,401-Программа ийгиликтуу аяктады.
2026-03-19 10:26:31,566-Программа ишке кирди.
2026-03-19 10:26:31,566-Жаш суроо функциясы башталды.
2026-03-19 10:26:35,341-Ката! Колдонуучу сан эмес маалымат киргизди.
2026-03-19 10:26:35,342-Программа ийгиликтуу аяктады.
2026-03-19 10:26:56,217-Программа ишке кирди.
2026-03-19 10:26:56,217-Жаш суроо функциясы башталды.
2026-03-19 10:32:44,525-Программа ишке кирди.
2026-03-19 10:32:44,525-Жаш суроо функциясы башталды.
2026-03-19 10:34:18,246-Ката! Колдонуучу сан эмес маалымат киргизди.
2026-03-19 10:34:18,247-Программа ийгиликтуу аяктады.
2026-03-19 10:35:37,355-Программа ишке кирди.
2026-03-19 10:35:37,355-Жаш суроо функциясы башталды.
2026-03-19 10:35:44,999-Колдонуучу киргизген жаш : 18
2026-03-19 10:35:44,999-Программа ийгиликтуу аяктады.
2026-03-19 10:48:50,427-Программа ишке кирди.
2026-03-19 10:48:50,428-Жаш суроо функциясы башталды.
2026-03-19 10:50:19,417-Колдонуучу киргизген жаш : 44
2026-03-19 10:50:19,417-Программа ийгиликтуу аяктады.
